// Jest Snapshot v1, https://goo.gl/fbAQLP

exports[`Layout default renders to a snapshot 1`] = `
<div>
    <nuxt></nuxt>
</div>
`;
