// Jest Snapshot v1, https://goo.gl/fbAQLP

exports[`Component Logo renders to a snapshot 1`] = `
<div class="VueToNuxtLogo">
    <div class="Triangle Triangle--two"></div>
    <div class="Triangle Triangle--one"></div>
    <div class="Triangle Triangle--three"></div>
    <div class="Triangle Triangle--four"></div>
</div>
`;
